// Jest Snapshot v1, https://goo.gl/fbAQLP

exports[`getComponentCss() should return correct css 1`] = `
":host {
  display: block;
}
.root {
  margin-bottom: 0.5rem;
}"
`;
