// Jest Snapshot v1, https://goo.gl/fbAQLP

exports[`accessibility should expose correct accessibility tree property if error state added programmatically 1`] = `
{
  "children": [
    {
      "children": [
        {
          "children": [
            {
              "role": "none",
            },
          ],
          "role": "none",
        },
        {
          "children": [
            {
              "role": "InlineTextBox",
            },
          ],
          "name": "Some Message",
          "role": "StaticText",
        },
      ],
      "name": "",
      "role": "alert",
    },
  ],
  "description": "Some Message",
  "name": "",
  "role": "group",
}
`;

exports[`accessibility should expose correct accessibility tree property in error state 1`] = `
{
  "children": [
    {
      "children": [
        {
          "children": [
            {
              "role": "none",
            },
          ],
          "role": "none",
        },
        {
          "children": [
            {
              "role": "InlineTextBox",
            },
          ],
          "name": "Some Message",
          "role": "StaticText",
        },
      ],
      "name": "",
      "role": "alert",
    },
  ],
  "description": "Some Message",
  "name": "",
  "role": "group",
}
`;

exports[`accessibility should expose correct initial accessibility tree 1`] = `
{
  "name": "",
  "role": "group",
}
`;
