// Jest Snapshot v1, https://goo.gl/fbAQLP

exports[`accessibility should expose correct initial accessibility tree 1`] = `
{
  "children": [
    {
      "name": "911",
      "role": "image",
    },
  ],
  "name": "",
  "role": "generic",
}
`;
