- button "Label loading" [disabled]
- status: Loading