- img "Some alt text"
- paragraph: Compact
- paragraph: Some footer text
- button "Some label"
- status