- text: Some label
- checkbox "Some label" [checked]
- alert
- status