- text: Type clear=true
- searchbox "Type clear=true"
- button "Clear field"
- status
- alert
- status