- text: Some label Some description
- textbox "Some label": Without label and description
- button "Toggle password visibility"
- status
- alert