- text: Required and insanely super long label across multiple lines
- searchbox "Required and insanely super long label across multiple lines"
- alert
- status