- text: Some Header
- img "Some alt text"
- paragraph: Compact
- paragraph: Some footer text
- link "Some Label"