- text: Success with message
- textbox "1-4"
- textbox "2-4"
- textbox "3-4"
- textbox "4-4"
- status: Success message
- status