- text: Some Label Some Description
- textbox "1-4"
- textbox "2-4"
- textbox "3-4"
- textbox "4-4"
- alert
- status