- group:
  - button "S" [pressed]
  - button "M"
  - button "L"
  - button "XL" [disabled]