- text: Opened with optgroups
- combobox "Opened with optgroups" [expanded]
- listbox "Opened with optgroups":
  - group "Some optgroup label 1":
    - option "Option A" [selected]
    - option "Option B"
    - option "Option C"
  - group "Some optgroup label 2":
    - option "Option D"
    - option "Option E"
    - option "Option F"
- alert