- text: Type password
- textbox "Type password": some password
- button "Toggle password visibility"
- status
- alert