// Jest Snapshot v1, https://goo.gl/fbAQLP

exports[`getComponentCss() should return correct css for hideLabel: { base: true, xs: false, s: true, m: false, l: true, xl: false }, state: 'none' and theme: 'light' 1`] = `":host{display:block}::slotted(select){position:static !important;display:block !important;width:100% !important;height:3rem !important;padding:0.75rem 3rem 0.75rem 0.75rem !important;margin:0 !important;outline:1px solid transparent !important;outline-offset:2px !important;appearance:none !important;-webkit-appearance:none !important;box-sizing:border-box !important;border:none !important;border-radius:0 !important;background:#fff !important;box-shadow:#626669 0 0 0 1px inset !important;opacity:1 !important;font-family:'Porsche Next','Arial Narrow',Arial,'Heiti SC',黑体,sans-serif !important;font-weight:400 !important;font-size:1rem !important;line-height:1.5 !important;color:inherit !important;text-indent:0 !important;cursor:pointer !important;transition:box-shadow var(--p-transition-duration, .24s) ease,background-color var(--p-transition-duration, .24s) ease,color var(--p-transition-duration, .24s) ease !important}::slotted(select)@-moz-document url-prefix(){padding-left:0.5rem !important}::slotted(select:hover:not(:disabled)){box-shadow:#323639 0 0 0 1px inset !important}::slotted(select:focus){outline-color:#626669 !important}::slotted(select:disabled){cursor:not-allowed !important;color:#96989a !important;background:#fff !important;box-shadow:inset 0 0 0 1px #96989a !important}.root{display:block;position:relative;color:#000}.root--disabled .icon, .root--disabled .label__text{color:#96989a}.label__text{position:absolute;height:1px;width:fit-content;border:0;margin:-1px;overflow:hidden;clip:rect(1px,1px,1px,1px);clip-path:inset(50%);white-space:nowrap;padding:0 0 0.25rem 0;display:block;transition:color var(--p-transition-duration, .24s) ease}.label__text+.label__text--description{margin-top:-0.25rem;padding-bottom:0.5rem}.label__text--description{color:#626669}.label__text:hover~::slotted(select:not(:disabled)){box-shadow:inset 0 0 0 1px #323639 !important}.required::after{content:\\" *\\";color:#e00000}.icon{position:absolute;bottom:0.75rem;right:0.75rem;color:#000;pointer-events:none;transform:rotate3d(0,0,1,0.0001deg);transition:transform var(--p-transition-duration, .24s) ease}.icon--open{transform:rotate3d(0,0,1,180deg)}.message{display:flex;margin-top:0.25rem;transition:color var(--p-transition-duration, .24s) ease}.message__icon{margin-right:0.25rem}@media(min-width:480px){.label__text{position:static;width:fit-content;height:auto;margin:0;overflow:visible;clip:auto;clip-path:none;white-space:normal;padding:0 0 0.25rem 0}}@media(min-width:760px){.label__text{position:absolute;height:1px;width:fit-content;border:0;margin:-1px;overflow:hidden;clip:rect(1px,1px,1px,1px);clip-path:inset(50%);white-space:nowrap;padding:0 0 0.25rem 0}}@media(min-width:1000px){.label__text{position:static;width:fit-content;height:auto;margin:0;overflow:visible;clip:auto;clip-path:none;white-space:normal;padding:0 0 0.25rem 0}}@media(min-width:1300px){.label__text{position:absolute;height:1px;width:fit-content;border:0;margin:-1px;overflow:hidden;clip:rect(1px,1px,1px,1px);clip-path:inset(50%);white-space:nowrap;padding:0 0 0.25rem 0}}@media(min-width:1760px){.label__text{position:static;width:fit-content;height:auto;margin:0;overflow:visible;clip:auto;clip-path:none;white-space:normal;padding:0 0 0.25rem 0}}"`;

exports[`getComponentCss() should return correct css for hideLabel: false, state: 'error' and theme: 'dark' 1`] = `":host{display:block}::slotted(select){position:static !important;display:block !important;width:100% !important;height:3rem !important;padding:0.75rem 3rem 0.75rem 0.75rem !important;margin:0 !important;outline:1px solid transparent !important;outline-offset:2px !important;appearance:none !important;-webkit-appearance:none !important;box-sizing:border-box !important;border:none !important;border-radius:0 !important;background:#0e1418 !important;box-shadow:#fc1717 0 0 0 2px inset !important;opacity:1 !important;font-family:'Porsche Next','Arial Narrow',Arial,'Heiti SC',黑体,sans-serif !important;font-weight:400 !important;font-size:1rem !important;line-height:1.5 !important;color:inherit !important;text-indent:0 !important;cursor:pointer !important;transition:box-shadow var(--p-transition-duration, .24s) ease,background-color var(--p-transition-duration, .24s) ease,color var(--p-transition-duration, .24s) ease !important}::slotted(select)@-moz-document url-prefix(){padding-left:0.5rem !important}::slotted(select:hover:not(:disabled)){box-shadow:#d30303 0 0 0 2px inset !important}::slotted(select:focus){outline-color:#fc1717 !important}::slotted(select:disabled){cursor:not-allowed !important;color:#96989a !important;background:#000 !important}.root{display:block;position:relative;color:#fff}.root--disabled .icon, .root--disabled .label__text{color:#7c7f81}.label__text{position:static;width:fit-content;height:auto;margin:0;overflow:visible;clip:auto;clip-path:none;white-space:normal;padding:0 0 0.25rem 0;display:block;transition:color var(--p-transition-duration, .24s) ease}.label__text+.label__text--description{margin-top:-0.25rem;padding-bottom:0.5rem}.label__text--description{color:#b0b1b2}.label__text:hover~::slotted(select:not(:disabled)){box-shadow:inset 0 0 0 1px #e3e4e5 !important}.required::after{content:\\" *\\";color:#fc1717}.icon{position:absolute;bottom:0.75rem;right:0.75rem;color:#fff;pointer-events:none;transform:rotate3d(0,0,1,0.0001deg);transition:transform var(--p-transition-duration, .24s) ease}.icon--open{transform:rotate3d(0,0,1,180deg)}.message{display:flex;margin-top:0.25rem;color:#fc1717;transition:color var(--p-transition-duration, .24s) ease}.message__icon{margin-right:0.25rem}"`;

exports[`getComponentCss() should return correct css for hideLabel: false, state: 'error' and theme: 'light' 1`] = `":host{display:block}::slotted(select){position:static !important;display:block !important;width:100% !important;height:3rem !important;padding:0.75rem 3rem 0.75rem 0.75rem !important;margin:0 !important;outline:1px solid transparent !important;outline-offset:2px !important;appearance:none !important;-webkit-appearance:none !important;box-sizing:border-box !important;border:none !important;border-radius:0 !important;background:#fff !important;box-shadow:#e00000 0 0 0 2px inset !important;opacity:1 !important;font-family:'Porsche Next','Arial Narrow',Arial,'Heiti SC',黑体,sans-serif !important;font-weight:400 !important;font-size:1rem !important;line-height:1.5 !important;color:inherit !important;text-indent:0 !important;cursor:pointer !important;transition:box-shadow var(--p-transition-duration, .24s) ease,background-color var(--p-transition-duration, .24s) ease,color var(--p-transition-duration, .24s) ease !important}::slotted(select)@-moz-document url-prefix(){padding-left:0.5rem !important}::slotted(select:hover:not(:disabled)){box-shadow:#a30000 0 0 0 2px inset !important}::slotted(select:focus){outline-color:#e00000 !important}::slotted(select:disabled){cursor:not-allowed !important;color:#96989a !important;background:#fff !important}.root{display:block;position:relative;color:#000}.root--disabled .icon, .root--disabled .label__text{color:#96989a}.label__text{position:static;width:fit-content;height:auto;margin:0;overflow:visible;clip:auto;clip-path:none;white-space:normal;padding:0 0 0.25rem 0;display:block;transition:color var(--p-transition-duration, .24s) ease}.label__text+.label__text--description{margin-top:-0.25rem;padding-bottom:0.5rem}.label__text--description{color:#626669}.label__text:hover~::slotted(select:not(:disabled)){box-shadow:inset 0 0 0 1px #323639 !important}.required::after{content:\\" *\\";color:#e00000}.icon{position:absolute;bottom:0.75rem;right:0.75rem;color:#000;pointer-events:none;transform:rotate3d(0,0,1,0.0001deg);transition:transform var(--p-transition-duration, .24s) ease}.icon--open{transform:rotate3d(0,0,1,180deg)}.message{display:flex;margin-top:0.25rem;color:#e00000;transition:color var(--p-transition-duration, .24s) ease}.message__icon{margin-right:0.25rem}"`;

exports[`getComponentCss() should return correct css for hideLabel: false, state: 'none' and theme: 'dark' 1`] = `":host{display:block}::slotted(select){position:static !important;display:block !important;width:100% !important;height:3rem !important;padding:0.75rem 3rem 0.75rem 0.75rem !important;margin:0 !important;outline:1px solid transparent !important;outline-offset:2px !important;appearance:none !important;-webkit-appearance:none !important;box-sizing:border-box !important;border:none !important;border-radius:0 !important;background:#0e1418 !important;box-shadow:#b0b1b2 0 0 0 1px inset !important;opacity:1 !important;font-family:'Porsche Next','Arial Narrow',Arial,'Heiti SC',黑体,sans-serif !important;font-weight:400 !important;font-size:1rem !important;line-height:1.5 !important;color:inherit !important;text-indent:0 !important;cursor:pointer !important;transition:box-shadow var(--p-transition-duration, .24s) ease,background-color var(--p-transition-duration, .24s) ease,color var(--p-transition-duration, .24s) ease !important}::slotted(select)@-moz-document url-prefix(){padding-left:0.5rem !important}::slotted(select:hover:not(:disabled)){box-shadow:#e3e4e5 0 0 0 1px inset !important}::slotted(select:focus){outline-color:#b0b1b2 !important}::slotted(select:disabled){cursor:not-allowed !important;color:#96989a !important;background:#000 !important;box-shadow:inset 0 0 0 1px #7c7f81 !important}.root{display:block;position:relative;color:#fff}.root--disabled .icon, .root--disabled .label__text{color:#7c7f81}.label__text{position:static;width:fit-content;height:auto;margin:0;overflow:visible;clip:auto;clip-path:none;white-space:normal;padding:0 0 0.25rem 0;display:block;transition:color var(--p-transition-duration, .24s) ease}.label__text+.label__text--description{margin-top:-0.25rem;padding-bottom:0.5rem}.label__text--description{color:#b0b1b2}.label__text:hover~::slotted(select:not(:disabled)){box-shadow:inset 0 0 0 1px #e3e4e5 !important}.required::after{content:\\" *\\";color:#fc1717}.icon{position:absolute;bottom:0.75rem;right:0.75rem;color:#fff;pointer-events:none;transform:rotate3d(0,0,1,0.0001deg);transition:transform var(--p-transition-duration, .24s) ease}.icon--open{transform:rotate3d(0,0,1,180deg)}.message{display:flex;margin-top:0.25rem;transition:color var(--p-transition-duration, .24s) ease}.message__icon{margin-right:0.25rem}"`;

exports[`getComponentCss() should return correct css for hideLabel: false, state: 'none' and theme: 'light' 1`] = `":host{display:block}::slotted(select){position:static !important;display:block !important;width:100% !important;height:3rem !important;padding:0.75rem 3rem 0.75rem 0.75rem !important;margin:0 !important;outline:1px solid transparent !important;outline-offset:2px !important;appearance:none !important;-webkit-appearance:none !important;box-sizing:border-box !important;border:none !important;border-radius:0 !important;background:#fff !important;box-shadow:#626669 0 0 0 1px inset !important;opacity:1 !important;font-family:'Porsche Next','Arial Narrow',Arial,'Heiti SC',黑体,sans-serif !important;font-weight:400 !important;font-size:1rem !important;line-height:1.5 !important;color:inherit !important;text-indent:0 !important;cursor:pointer !important;transition:box-shadow var(--p-transition-duration, .24s) ease,background-color var(--p-transition-duration, .24s) ease,color var(--p-transition-duration, .24s) ease !important}::slotted(select)@-moz-document url-prefix(){padding-left:0.5rem !important}::slotted(select:hover:not(:disabled)){box-shadow:#323639 0 0 0 1px inset !important}::slotted(select:focus){outline-color:#626669 !important}::slotted(select:disabled){cursor:not-allowed !important;color:#96989a !important;background:#fff !important;box-shadow:inset 0 0 0 1px #96989a !important}.root{display:block;position:relative;color:#000}.root--disabled .icon, .root--disabled .label__text{color:#96989a}.label__text{position:static;width:fit-content;height:auto;margin:0;overflow:visible;clip:auto;clip-path:none;white-space:normal;padding:0 0 0.25rem 0;display:block;transition:color var(--p-transition-duration, .24s) ease}.label__text+.label__text--description{margin-top:-0.25rem;padding-bottom:0.5rem}.label__text--description{color:#626669}.label__text:hover~::slotted(select:not(:disabled)){box-shadow:inset 0 0 0 1px #323639 !important}.required::after{content:\\" *\\";color:#e00000}.icon{position:absolute;bottom:0.75rem;right:0.75rem;color:#000;pointer-events:none;transform:rotate3d(0,0,1,0.0001deg);transition:transform var(--p-transition-duration, .24s) ease}.icon--open{transform:rotate3d(0,0,1,180deg)}.message{display:flex;margin-top:0.25rem;transition:color var(--p-transition-duration, .24s) ease}.message__icon{margin-right:0.25rem}"`;

exports[`getComponentCss() should return correct css for hideLabel: false, state: 'success' and theme: 'dark' 1`] = `":host{display:block}::slotted(select){position:static !important;display:block !important;width:100% !important;height:3rem !important;padding:0.75rem 3rem 0.75rem 0.75rem !important;margin:0 !important;outline:1px solid transparent !important;outline-offset:2px !important;appearance:none !important;-webkit-appearance:none !important;box-sizing:border-box !important;border:none !important;border-radius:0 !important;background:#0e1418 !important;box-shadow:#01ba1d 0 0 0 2px inset !important;opacity:1 !important;font-family:'Porsche Next','Arial Narrow',Arial,'Heiti SC',黑体,sans-serif !important;font-weight:400 !important;font-size:1rem !important;line-height:1.5 !important;color:inherit !important;text-indent:0 !important;cursor:pointer !important;transition:box-shadow var(--p-transition-duration, .24s) ease,background-color var(--p-transition-duration, .24s) ease,color var(--p-transition-duration, .24s) ease !important}::slotted(select)@-moz-document url-prefix(){padding-left:0.5rem !important}::slotted(select:hover:not(:disabled)){box-shadow:#017d14 0 0 0 2px inset !important}::slotted(select:focus){outline-color:#01ba1d !important}::slotted(select:disabled){cursor:not-allowed !important;color:#96989a !important;background:#000 !important}.root{display:block;position:relative;color:#fff}.root--disabled .icon, .root--disabled .label__text{color:#7c7f81}.label__text{position:static;width:fit-content;height:auto;margin:0;overflow:visible;clip:auto;clip-path:none;white-space:normal;padding:0 0 0.25rem 0;display:block;transition:color var(--p-transition-duration, .24s) ease}.label__text+.label__text--description{margin-top:-0.25rem;padding-bottom:0.5rem}.label__text--description{color:#b0b1b2}.label__text:hover~::slotted(select:not(:disabled)){box-shadow:inset 0 0 0 1px #e3e4e5 !important}.required::after{content:\\" *\\";color:#fc1717}.icon{position:absolute;bottom:0.75rem;right:0.75rem;color:#fff;pointer-events:none;transform:rotate3d(0,0,1,0.0001deg);transition:transform var(--p-transition-duration, .24s) ease}.icon--open{transform:rotate3d(0,0,1,180deg)}.message{display:flex;margin-top:0.25rem;color:#01ba1d;transition:color var(--p-transition-duration, .24s) ease}.message__icon{margin-right:0.25rem}"`;

exports[`getComponentCss() should return correct css for hideLabel: false, state: 'success' and theme: 'light' 1`] = `":host{display:block}::slotted(select){position:static !important;display:block !important;width:100% !important;height:3rem !important;padding:0.75rem 3rem 0.75rem 0.75rem !important;margin:0 !important;outline:1px solid transparent !important;outline-offset:2px !important;appearance:none !important;-webkit-appearance:none !important;box-sizing:border-box !important;border:none !important;border-radius:0 !important;background:#fff !important;box-shadow:#018a16 0 0 0 2px inset !important;opacity:1 !important;font-family:'Porsche Next','Arial Narrow',Arial,'Heiti SC',黑体,sans-serif !important;font-weight:400 !important;font-size:1rem !important;line-height:1.5 !important;color:inherit !important;text-indent:0 !important;cursor:pointer !important;transition:box-shadow var(--p-transition-duration, .24s) ease,background-color var(--p-transition-duration, .24s) ease,color var(--p-transition-duration, .24s) ease !important}::slotted(select)@-moz-document url-prefix(){padding-left:0.5rem !important}::slotted(select:hover:not(:disabled)){box-shadow:#014d0c 0 0 0 2px inset !important}::slotted(select:focus){outline-color:#018a16 !important}::slotted(select:disabled){cursor:not-allowed !important;color:#96989a !important;background:#fff !important}.root{display:block;position:relative;color:#000}.root--disabled .icon, .root--disabled .label__text{color:#96989a}.label__text{position:static;width:fit-content;height:auto;margin:0;overflow:visible;clip:auto;clip-path:none;white-space:normal;padding:0 0 0.25rem 0;display:block;transition:color var(--p-transition-duration, .24s) ease}.label__text+.label__text--description{margin-top:-0.25rem;padding-bottom:0.5rem}.label__text--description{color:#626669}.label__text:hover~::slotted(select:not(:disabled)){box-shadow:inset 0 0 0 1px #323639 !important}.required::after{content:\\" *\\";color:#e00000}.icon{position:absolute;bottom:0.75rem;right:0.75rem;color:#000;pointer-events:none;transform:rotate3d(0,0,1,0.0001deg);transition:transform var(--p-transition-duration, .24s) ease}.icon--open{transform:rotate3d(0,0,1,180deg)}.message{display:flex;margin-top:0.25rem;color:#018a16;transition:color var(--p-transition-duration, .24s) ease}.message__icon{margin-right:0.25rem}"`;

exports[`getComponentCss() should return correct css for hideLabel: true, state: 'error' and theme: 'dark' 1`] = `":host{display:block}::slotted(select){position:static !important;display:block !important;width:100% !important;height:3rem !important;padding:0.75rem 3rem 0.75rem 0.75rem !important;margin:0 !important;outline:1px solid transparent !important;outline-offset:2px !important;appearance:none !important;-webkit-appearance:none !important;box-sizing:border-box !important;border:none !important;border-radius:0 !important;background:#0e1418 !important;box-shadow:#fc1717 0 0 0 2px inset !important;opacity:1 !important;font-family:'Porsche Next','Arial Narrow',Arial,'Heiti SC',黑体,sans-serif !important;font-weight:400 !important;font-size:1rem !important;line-height:1.5 !important;color:inherit !important;text-indent:0 !important;cursor:pointer !important;transition:box-shadow var(--p-transition-duration, .24s) ease,background-color var(--p-transition-duration, .24s) ease,color var(--p-transition-duration, .24s) ease !important}::slotted(select)@-moz-document url-prefix(){padding-left:0.5rem !important}::slotted(select:hover:not(:disabled)){box-shadow:#d30303 0 0 0 2px inset !important}::slotted(select:focus){outline-color:#fc1717 !important}::slotted(select:disabled){cursor:not-allowed !important;color:#96989a !important;background:#000 !important}.root{display:block;position:relative;color:#fff}.root--disabled .icon, .root--disabled .label__text{color:#7c7f81}.label__text{position:absolute;height:1px;width:fit-content;border:0;margin:-1px;overflow:hidden;clip:rect(1px,1px,1px,1px);clip-path:inset(50%);white-space:nowrap;padding:0 0 0.25rem 0;display:block;transition:color var(--p-transition-duration, .24s) ease}.label__text+.label__text--description{margin-top:-0.25rem;padding-bottom:0.5rem}.label__text--description{color:#b0b1b2}.label__text:hover~::slotted(select:not(:disabled)){box-shadow:inset 0 0 0 1px #e3e4e5 !important}.required::after{content:\\" *\\";color:#fc1717}.icon{position:absolute;bottom:0.75rem;right:0.75rem;color:#fff;pointer-events:none;transform:rotate3d(0,0,1,0.0001deg);transition:transform var(--p-transition-duration, .24s) ease}.icon--open{transform:rotate3d(0,0,1,180deg)}.message{display:flex;margin-top:0.25rem;color:#fc1717;transition:color var(--p-transition-duration, .24s) ease}.message__icon{margin-right:0.25rem}"`;

exports[`getComponentCss() should return correct css for hideLabel: true, state: 'error' and theme: 'light' 1`] = `":host{display:block}::slotted(select){position:static !important;display:block !important;width:100% !important;height:3rem !important;padding:0.75rem 3rem 0.75rem 0.75rem !important;margin:0 !important;outline:1px solid transparent !important;outline-offset:2px !important;appearance:none !important;-webkit-appearance:none !important;box-sizing:border-box !important;border:none !important;border-radius:0 !important;background:#fff !important;box-shadow:#e00000 0 0 0 2px inset !important;opacity:1 !important;font-family:'Porsche Next','Arial Narrow',Arial,'Heiti SC',黑体,sans-serif !important;font-weight:400 !important;font-size:1rem !important;line-height:1.5 !important;color:inherit !important;text-indent:0 !important;cursor:pointer !important;transition:box-shadow var(--p-transition-duration, .24s) ease,background-color var(--p-transition-duration, .24s) ease,color var(--p-transition-duration, .24s) ease !important}::slotted(select)@-moz-document url-prefix(){padding-left:0.5rem !important}::slotted(select:hover:not(:disabled)){box-shadow:#a30000 0 0 0 2px inset !important}::slotted(select:focus){outline-color:#e00000 !important}::slotted(select:disabled){cursor:not-allowed !important;color:#96989a !important;background:#fff !important}.root{display:block;position:relative;color:#000}.root--disabled .icon, .root--disabled .label__text{color:#96989a}.label__text{position:absolute;height:1px;width:fit-content;border:0;margin:-1px;overflow:hidden;clip:rect(1px,1px,1px,1px);clip-path:inset(50%);white-space:nowrap;padding:0 0 0.25rem 0;display:block;transition:color var(--p-transition-duration, .24s) ease}.label__text+.label__text--description{margin-top:-0.25rem;padding-bottom:0.5rem}.label__text--description{color:#626669}.label__text:hover~::slotted(select:not(:disabled)){box-shadow:inset 0 0 0 1px #323639 !important}.required::after{content:\\" *\\";color:#e00000}.icon{position:absolute;bottom:0.75rem;right:0.75rem;color:#000;pointer-events:none;transform:rotate3d(0,0,1,0.0001deg);transition:transform var(--p-transition-duration, .24s) ease}.icon--open{transform:rotate3d(0,0,1,180deg)}.message{display:flex;margin-top:0.25rem;color:#e00000;transition:color var(--p-transition-duration, .24s) ease}.message__icon{margin-right:0.25rem}"`;

exports[`getComponentCss() should return correct css for hideLabel: true, state: 'none' and theme: 'dark' 1`] = `":host{display:block}::slotted(select){position:static !important;display:block !important;width:100% !important;height:3rem !important;padding:0.75rem 3rem 0.75rem 0.75rem !important;margin:0 !important;outline:1px solid transparent !important;outline-offset:2px !important;appearance:none !important;-webkit-appearance:none !important;box-sizing:border-box !important;border:none !important;border-radius:0 !important;background:#0e1418 !important;box-shadow:#b0b1b2 0 0 0 1px inset !important;opacity:1 !important;font-family:'Porsche Next','Arial Narrow',Arial,'Heiti SC',黑体,sans-serif !important;font-weight:400 !important;font-size:1rem !important;line-height:1.5 !important;color:inherit !important;text-indent:0 !important;cursor:pointer !important;transition:box-shadow var(--p-transition-duration, .24s) ease,background-color var(--p-transition-duration, .24s) ease,color var(--p-transition-duration, .24s) ease !important}::slotted(select)@-moz-document url-prefix(){padding-left:0.5rem !important}::slotted(select:hover:not(:disabled)){box-shadow:#e3e4e5 0 0 0 1px inset !important}::slotted(select:focus){outline-color:#b0b1b2 !important}::slotted(select:disabled){cursor:not-allowed !important;color:#96989a !important;background:#000 !important;box-shadow:inset 0 0 0 1px #7c7f81 !important}.root{display:block;position:relative;color:#fff}.root--disabled .icon, .root--disabled .label__text{color:#7c7f81}.label__text{position:absolute;height:1px;width:fit-content;border:0;margin:-1px;overflow:hidden;clip:rect(1px,1px,1px,1px);clip-path:inset(50%);white-space:nowrap;padding:0 0 0.25rem 0;display:block;transition:color var(--p-transition-duration, .24s) ease}.label__text+.label__text--description{margin-top:-0.25rem;padding-bottom:0.5rem}.label__text--description{color:#b0b1b2}.label__text:hover~::slotted(select:not(:disabled)){box-shadow:inset 0 0 0 1px #e3e4e5 !important}.required::after{content:\\" *\\";color:#fc1717}.icon{position:absolute;bottom:0.75rem;right:0.75rem;color:#fff;pointer-events:none;transform:rotate3d(0,0,1,0.0001deg);transition:transform var(--p-transition-duration, .24s) ease}.icon--open{transform:rotate3d(0,0,1,180deg)}.message{display:flex;margin-top:0.25rem;transition:color var(--p-transition-duration, .24s) ease}.message__icon{margin-right:0.25rem}"`;

exports[`getComponentCss() should return correct css for hideLabel: true, state: 'none' and theme: 'light' 1`] = `":host{display:block}::slotted(select){position:static !important;display:block !important;width:100% !important;height:3rem !important;padding:0.75rem 3rem 0.75rem 0.75rem !important;margin:0 !important;outline:1px solid transparent !important;outline-offset:2px !important;appearance:none !important;-webkit-appearance:none !important;box-sizing:border-box !important;border:none !important;border-radius:0 !important;background:#fff !important;box-shadow:#626669 0 0 0 1px inset !important;opacity:1 !important;font-family:'Porsche Next','Arial Narrow',Arial,'Heiti SC',黑体,sans-serif !important;font-weight:400 !important;font-size:1rem !important;line-height:1.5 !important;color:inherit !important;text-indent:0 !important;cursor:pointer !important;transition:box-shadow var(--p-transition-duration, .24s) ease,background-color var(--p-transition-duration, .24s) ease,color var(--p-transition-duration, .24s) ease !important}::slotted(select)@-moz-document url-prefix(){padding-left:0.5rem !important}::slotted(select:hover:not(:disabled)){box-shadow:#323639 0 0 0 1px inset !important}::slotted(select:focus){outline-color:#626669 !important}::slotted(select:disabled){cursor:not-allowed !important;color:#96989a !important;background:#fff !important;box-shadow:inset 0 0 0 1px #96989a !important}.root{display:block;position:relative;color:#000}.root--disabled .icon, .root--disabled .label__text{color:#96989a}.label__text{position:absolute;height:1px;width:fit-content;border:0;margin:-1px;overflow:hidden;clip:rect(1px,1px,1px,1px);clip-path:inset(50%);white-space:nowrap;padding:0 0 0.25rem 0;display:block;transition:color var(--p-transition-duration, .24s) ease}.label__text+.label__text--description{margin-top:-0.25rem;padding-bottom:0.5rem}.label__text--description{color:#626669}.label__text:hover~::slotted(select:not(:disabled)){box-shadow:inset 0 0 0 1px #323639 !important}.required::after{content:\\" *\\";color:#e00000}.icon{position:absolute;bottom:0.75rem;right:0.75rem;color:#000;pointer-events:none;transform:rotate3d(0,0,1,0.0001deg);transition:transform var(--p-transition-duration, .24s) ease}.icon--open{transform:rotate3d(0,0,1,180deg)}.message{display:flex;margin-top:0.25rem;transition:color var(--p-transition-duration, .24s) ease}.message__icon{margin-right:0.25rem}"`;

exports[`getComponentCss() should return correct css for hideLabel: true, state: 'success' and theme: 'dark' 1`] = `":host{display:block}::slotted(select){position:static !important;display:block !important;width:100% !important;height:3rem !important;padding:0.75rem 3rem 0.75rem 0.75rem !important;margin:0 !important;outline:1px solid transparent !important;outline-offset:2px !important;appearance:none !important;-webkit-appearance:none !important;box-sizing:border-box !important;border:none !important;border-radius:0 !important;background:#0e1418 !important;box-shadow:#01ba1d 0 0 0 2px inset !important;opacity:1 !important;font-family:'Porsche Next','Arial Narrow',Arial,'Heiti SC',黑体,sans-serif !important;font-weight:400 !important;font-size:1rem !important;line-height:1.5 !important;color:inherit !important;text-indent:0 !important;cursor:pointer !important;transition:box-shadow var(--p-transition-duration, .24s) ease,background-color var(--p-transition-duration, .24s) ease,color var(--p-transition-duration, .24s) ease !important}::slotted(select)@-moz-document url-prefix(){padding-left:0.5rem !important}::slotted(select:hover:not(:disabled)){box-shadow:#017d14 0 0 0 2px inset !important}::slotted(select:focus){outline-color:#01ba1d !important}::slotted(select:disabled){cursor:not-allowed !important;color:#96989a !important;background:#000 !important}.root{display:block;position:relative;color:#fff}.root--disabled .icon, .root--disabled .label__text{color:#7c7f81}.label__text{position:absolute;height:1px;width:fit-content;border:0;margin:-1px;overflow:hidden;clip:rect(1px,1px,1px,1px);clip-path:inset(50%);white-space:nowrap;padding:0 0 0.25rem 0;display:block;transition:color var(--p-transition-duration, .24s) ease}.label__text+.label__text--description{margin-top:-0.25rem;padding-bottom:0.5rem}.label__text--description{color:#b0b1b2}.label__text:hover~::slotted(select:not(:disabled)){box-shadow:inset 0 0 0 1px #e3e4e5 !important}.required::after{content:\\" *\\";color:#fc1717}.icon{position:absolute;bottom:0.75rem;right:0.75rem;color:#fff;pointer-events:none;transform:rotate3d(0,0,1,0.0001deg);transition:transform var(--p-transition-duration, .24s) ease}.icon--open{transform:rotate3d(0,0,1,180deg)}.message{display:flex;margin-top:0.25rem;color:#01ba1d;transition:color var(--p-transition-duration, .24s) ease}.message__icon{margin-right:0.25rem}"`;

exports[`getComponentCss() should return correct css for hideLabel: true, state: 'success' and theme: 'light' 1`] = `":host{display:block}::slotted(select){position:static !important;display:block !important;width:100% !important;height:3rem !important;padding:0.75rem 3rem 0.75rem 0.75rem !important;margin:0 !important;outline:1px solid transparent !important;outline-offset:2px !important;appearance:none !important;-webkit-appearance:none !important;box-sizing:border-box !important;border:none !important;border-radius:0 !important;background:#fff !important;box-shadow:#018a16 0 0 0 2px inset !important;opacity:1 !important;font-family:'Porsche Next','Arial Narrow',Arial,'Heiti SC',黑体,sans-serif !important;font-weight:400 !important;font-size:1rem !important;line-height:1.5 !important;color:inherit !important;text-indent:0 !important;cursor:pointer !important;transition:box-shadow var(--p-transition-duration, .24s) ease,background-color var(--p-transition-duration, .24s) ease,color var(--p-transition-duration, .24s) ease !important}::slotted(select)@-moz-document url-prefix(){padding-left:0.5rem !important}::slotted(select:hover:not(:disabled)){box-shadow:#014d0c 0 0 0 2px inset !important}::slotted(select:focus){outline-color:#018a16 !important}::slotted(select:disabled){cursor:not-allowed !important;color:#96989a !important;background:#fff !important}.root{display:block;position:relative;color:#000}.root--disabled .icon, .root--disabled .label__text{color:#96989a}.label__text{position:absolute;height:1px;width:fit-content;border:0;margin:-1px;overflow:hidden;clip:rect(1px,1px,1px,1px);clip-path:inset(50%);white-space:nowrap;padding:0 0 0.25rem 0;display:block;transition:color var(--p-transition-duration, .24s) ease}.label__text+.label__text--description{margin-top:-0.25rem;padding-bottom:0.5rem}.label__text--description{color:#626669}.label__text:hover~::slotted(select:not(:disabled)){box-shadow:inset 0 0 0 1px #323639 !important}.required::after{content:\\" *\\";color:#e00000}.icon{position:absolute;bottom:0.75rem;right:0.75rem;color:#000;pointer-events:none;transform:rotate3d(0,0,1,0.0001deg);transition:transform var(--p-transition-duration, .24s) ease}.icon--open{transform:rotate3d(0,0,1,180deg)}.message{display:flex;margin-top:0.25rem;color:#018a16;transition:color var(--p-transition-duration, .24s) ease}.message__icon{margin-right:0.25rem}"`;

exports[`getSlottedCss() should return correct css 1`] = `"p-select-wrapper a{color:inherit !important;text-decoration:underline !important;transition:color var(--p-transition-duration, .24s) ease !important;outline:transparent solid 1px !important;outline-offset:1px !important}p-select-wrapper[theme=\\"dark\\"] a:hover{color:#ff0223 !important}p-select-wrapper b, p-select-wrapper strong{font-weight:700 !important}p-select-wrapper em, p-select-wrapper i{font-style:normal !important}p-select-wrapper a:hover{color:#d5001c !important}p-select-wrapper a::-moz-focus-inner{border:0 !important}p-select-wrapper a:focus{outline-color:currentColor !important}p-select-wrapper a:focus:not(:focus-visible){outline-color:transparent !important}"`;

exports[`getSlottedCss() should return correct css with prefix 1`] = `"prefixed-p-select-wrapper a{color:inherit !important;text-decoration:underline !important;transition:color var(--p-transition-duration, .24s) ease !important;outline:transparent solid 1px !important;outline-offset:1px !important}prefixed-p-select-wrapper[theme=\\"dark\\"] a:hover{color:#ff0223 !important}prefixed-p-select-wrapper b, prefixed-p-select-wrapper strong{font-weight:700 !important}prefixed-p-select-wrapper em, prefixed-p-select-wrapper i{font-style:normal !important}prefixed-p-select-wrapper a:hover{color:#d5001c !important}prefixed-p-select-wrapper a::-moz-focus-inner{border:0 !important}prefixed-p-select-wrapper a:focus{outline-color:currentColor !important}prefixed-p-select-wrapper a:focus:not(:focus-visible){outline-color:transparent !important}"`;
