// Jest Snapshot v1, https://goo.gl/fbAQLP

exports[`extendExampleWithConstantsAndProvider() should add multi line import for PorscheDesignSystemProvider 1`] = `
<script setup lang="ts">
  import {
    PTable,
    PTableBody,
    PorscheDesignSystemProvider
  } from '@porsche-design-system/components-vue';
</script>
`;

exports[`extendExampleWithConstantsAndProvider() should add single line import for PorscheDesignSystemProvider  1`] = `
<script setup lang="ts">
  import {
    PText,
    PorscheDesignSystemProvider
  } from '@porsche-design-system/components-vue';
</script>
`;

exports[`extendExampleWithConstantsAndProvider() should wrap template with PorscheDesignSystemProvider 1`] = `
"
<template>
  <PorscheDesignSystemProvider>

    <PText>Hello</PText>

  </PorscheDesignSystemProvider>
</template>
"
`;

exports[`extendMarkupWithAppComponent() should return correct app markup 1`] = `
<script setup lang="ts">
  import {
    PButton,
    PText,
    PorscheDesignSystemProvider
  } from '@porsche-design-system/components-vue';
</script>

<template>
  <PorscheDesignSystemProvider>

    <PButton />
    <PText>
      Some Text
    </PText>
    <PButton>
      <p>
        Some Text
      </p>
    </PButton>
    <button />

  </PorscheDesignSystemProvider>
</template>
`;

exports[`getIndexHtml() should return correct markup with styles 1`] = `
<!doctype html>
<html lang="en">

  <head>
    <meta charset="utf-8" />
    <title>Porsche Design System - Vue</title>

    <!-- prettier-ignore -->
    <style data-pds-initial-styles>
      html,
      body {
        margin: 0;
        padding: 0;
        font-family: 'Porsche Next', 'Arial Narrow', Arial, 'Heiti SC', SimHei, sans-serif;
        line-height: calc(6px + 2.125ex);
        letter-spacing: normal;
        text-size-adjust: none;
        -webkit-text-size-adjust: none
      }

      h1,
      h2,
      h3,
      h4,
      h5,
      h6 {
        font-weight: 600
      }

      p {
        hyphens: auto;
        font-weight: 400;
        overflow-wrap: break-word
      }

      b,
      strong {
        font-weight: 700
      }

      :is(p-accordion, p-banner, p-button, p-button-group, p-button-pure, p-button-tile, p-canvas, p-carousel, p-checkbox, p-checkbox-wrapper, p-content-wrapper, p-crest, p-display, p-divider, p-fieldset, p-fieldset-wrapper, p-flex, p-flex-item, p-flyout, p-flyout-multilevel, p-flyout-multilevel-item, p-grid, p-grid-item, p-heading, p-headline, p-icon, p-inline-notification, p-link, p-link-pure, p-link-social, p-link-tile, p-link-tile-model-signature, p-link-tile-product, p-marque, p-modal, p-model-signature, p-multi-select, p-multi-select-option, p-optgroup, p-pagination, p-pin-code, p-popover, p-radio-button-wrapper, p-scroller, p-segmented-control, p-segmented-control-item, p-select, p-select-option, p-select-wrapper, p-sheet, p-spinner, p-stepper-horizontal, p-stepper-horizontal-item, p-switch, p-table, p-table-body, p-table-cell, p-table-head, p-table-head-cell, p-table-head-row, p-table-row, p-tabs, p-tabs-bar, p-tabs-item, p-tag, p-tag-dismissible, p-text, p-text-field-wrapper, p-text-list, p-text-list-item, p-textarea, p-textarea-wrapper, p-toast, p-wordmark):not(:defined, .ssr, [data-ssr]) {
        visibility: hidden
      }
    </style>

    <style>
      html,
      body {
        margin: 0;
        padding: 0;
      }

      some styles
    </style>
  </head>

  <body dir="ltr">
    <div id="root"></div>
    <script type="module" src="/src/main.ts"></script>
  </body>

</html>
`;

exports[`getIndexHtml() should return correct markup with styles and rtl mode 1`] = `
<!doctype html>
<html lang="en">

  <head>
    <meta charset="utf-8" />
    <title>Porsche Design System - Vue</title>

    <!-- prettier-ignore -->
    <style data-pds-initial-styles>
      html,
      body {
        margin: 0;
        padding: 0;
        font-family: 'Porsche Next', 'Arial Narrow', Arial, 'Heiti SC', SimHei, sans-serif;
        line-height: calc(6px + 2.125ex);
        letter-spacing: normal;
        text-size-adjust: none;
        -webkit-text-size-adjust: none
      }

      h1,
      h2,
      h3,
      h4,
      h5,
      h6 {
        font-weight: 600
      }

      p {
        hyphens: auto;
        font-weight: 400;
        overflow-wrap: break-word
      }

      b,
      strong {
        font-weight: 700
      }

      :is(p-accordion, p-banner, p-button, p-button-group, p-button-pure, p-button-tile, p-canvas, p-carousel, p-checkbox, p-checkbox-wrapper, p-content-wrapper, p-crest, p-display, p-divider, p-fieldset, p-fieldset-wrapper, p-flex, p-flex-item, p-flyout, p-flyout-multilevel, p-flyout-multilevel-item, p-grid, p-grid-item, p-heading, p-headline, p-icon, p-inline-notification, p-link, p-link-pure, p-link-social, p-link-tile, p-link-tile-model-signature, p-link-tile-product, p-marque, p-modal, p-model-signature, p-multi-select, p-multi-select-option, p-optgroup, p-pagination, p-pin-code, p-popover, p-radio-button-wrapper, p-scroller, p-segmented-control, p-segmented-control-item, p-select, p-select-option, p-select-wrapper, p-sheet, p-spinner, p-stepper-horizontal, p-stepper-horizontal-item, p-switch, p-table, p-table-body, p-table-cell, p-table-head, p-table-head-cell, p-table-head-row, p-table-row, p-tabs, p-tabs-bar, p-tabs-item, p-tag, p-tag-dismissible, p-text, p-text-field-wrapper, p-text-list, p-text-list-item, p-textarea, p-textarea-wrapper, p-toast, p-wordmark):not(:defined, .ssr, [data-ssr]) {
        visibility: hidden
      }
    </style>

    <style>
      html,
      body {
        margin: 0;
        padding: 0;
      }

      some styles
    </style>
  </head>

  <body dir="rtl">
    <div id="root"></div>
    <script type="module" src="/src/main.ts"></script>
  </body>

</html>
`;

exports[`getMainTs() should return correct result 1`] = `
"import { createApp } from 'vue';
import App from './App.vue';

const app = createApp(App);

app.mount('#root');
"
`;
