// Jest Snapshot v1, https://goo.gl/fbAQLP

exports[`accessibility should expose correct initial accessibility tree 1`] = `
{
  "children": [
    {
      "children": [
        {
          "children": [
            {
              "children": [
                {
                  "checked": false,
                  "children": [
                    {
                      "children": [
                        {
                          "role": "none",
                        },
                      ],
                      "role": "none",
                    },
                    {
                      "children": [
                        {
                          "children": [
                            {
                              "name": "Some Label",
                              "role": "StaticText",
                            },
                          ],
                          "role": "none",
                        },
                      ],
                      "role": "none",
                    },
                  ],
                  "disabled": true,
                  "name": "Some Label",
                  "role": "switch",
                },
              ],
              "name": "",
              "role": "generic",
            },
          ],
          "name": "",
          "role": "generic",
        },
      ],
      "role": "none",
    },
  ],
  "name": "",
  "role": "RootWebArea",
}
`;
