// Jest Snapshot v1, https://goo.gl/fbAQLP

exports[`accessibility should expose correct accessibility tree if accessibility properties are set 1`] = `
{
  "name": "Some more detailed label",
  "role": "link",
}
`;

exports[`accessibility should expose correct initial accessibility tree 1`] = `
{
  "children": [
    {
      "children": [
        {
          "children": [
            {
              "role": "none",
            },
          ],
          "role": "none",
        },
      ],
      "name": "Porsche",
      "role": "img",
    },
  ],
  "name": "",
  "role": "generic",
}
`;
