// Jest Snapshot v1, https://goo.gl/fbAQLP

exports[`Component <p-button> should render correctly in default mode with shadow dom 1`] = `
<p-button>
  <mock:shadow-root>
    <button class="p-button" tabindex="0" type="button">
      <p-text class="p-button__label p-button__label--show" color="inherit" tag="span">
        <slot></slot>
      </p-text>
      <p-icon class="p-button__icon" name="plus" size="inherit"></p-icon>
    </button>
  </mock:shadow-root>
  Some label
</p-button>
`;
