// Jest Snapshot v1, https://goo.gl/fbAQLP

exports[`getCachedComponentCss() should keep CSS Cache clean and handle multiple types of infinite passed parameters 1`] = `
Map {
  "p-some-element" => Map {
    "1|true|some string|{"someProp":"some value"}" => "some css",
    "" => "some css",
  },
  "p-another-element" => Map {
    "1|true|some string|{"someProp":"some value"}" => "some css",
    "" => "some css",
  },
}
`;
