// Jest Snapshot v1, https://goo.gl/fbAQLP

exports[`accessibility should expose correct initial accessibility tree 1`] = `
{
  "children": [
    {
      "children": [
        {
          "children": [
            {
              "name": "Some Label",
              "role": "StaticText",
            },
          ],
          "role": "none",
        },
      ],
      "role": "none",
    },
    {
      "checked": false,
      "children": [
        {
          "role": "none",
        },
      ],
      "name": "Some Label",
      "role": "switch",
    },
  ],
  "name": "",
  "role": "LabelText",
}
`;
