// Jest Snapshot v1, https://goo.gl/fbAQLP

exports[`getThemedTextColor() should return correct css for theme: dark and textColor: contrast-high 1`] = `"#AFB0B3"`;

exports[`getThemedTextColor() should return correct css for theme: dark and textColor: contrast-low 1`] = `"#404044"`;

exports[`getThemedTextColor() should return correct css for theme: dark and textColor: contrast-medium 1`] = `"#7E7F82"`;

exports[`getThemedTextColor() should return correct css for theme: dark and textColor: default 1`] = `"#FBFCFF"`;

exports[`getThemedTextColor() should return correct css for theme: dark and textColor: inherit 1`] = `"currentColor"`;

exports[`getThemedTextColor() should return correct css for theme: dark and textColor: notification-error 1`] = `"#CB3333"`;

exports[`getThemedTextColor() should return correct css for theme: dark and textColor: notification-success 1`] = `"#00C77E"`;

exports[`getThemedTextColor() should return correct css for theme: dark and textColor: notification-warning 1`] = `"#DDB84B"`;

exports[`getThemedTextColor() should return correct css for theme: light and textColor: contrast-high 1`] = `"#535457"`;

exports[`getThemedTextColor() should return correct css for theme: light and textColor: contrast-low 1`] = `"#D8D8DB"`;

exports[`getThemedTextColor() should return correct css for theme: light and textColor: contrast-medium 1`] = `"#949598"`;

exports[`getThemedTextColor() should return correct css for theme: light and textColor: default 1`] = `"#010205"`;

exports[`getThemedTextColor() should return correct css for theme: light and textColor: inherit 1`] = `"currentColor"`;

exports[`getThemedTextColor() should return correct css for theme: light and textColor: notification-error 1`] = `"#E7323B"`;

exports[`getThemedTextColor() should return correct css for theme: light and textColor: notification-success 1`] = `"#32B85B"`;

exports[`getThemedTextColor() should return correct css for theme: light and textColor: notification-warning 1`] = `"#FECC1B"`;
