// Jest Snapshot v1, https://goo.gl/fbAQLP

exports[`getEllipsisJssStyle() should return correct JssStyle 1`] = `
{
  "maxWidth": "100%",
  "overflow": "hidden",
  "textOverflow": "ellipsis",
  "whiteSpace": "nowrap",
}
`;

exports[`getSlottedTypographyStyle() should return correct JssStyle 1`] = `
{
  "color": "inherit",
  "fontFamily": "inherit",
  "fontSize": "inherit",
  "fontStyle": "inherit",
  "fontVariant": "inherit",
  "fontWeight": "inherit",
  "hyphens": "inherit",
  "lineHeight": "inherit",
  "margin": "inherit",
  "overflowWrap": "inherit",
  "padding": "inherit",
  "textAlign": "inherit",
  "whiteSpace": "inherit",
  "wordWrap": "inherit",
}
`;
