// Jest Snapshot v1, https://goo.gl/fbAQLP

exports[`getComponentCss() should return correct css for {"icon":"arrow-head-right","active":false,"stretch":{"base":true,"xs":false,"s":true,"m":false,"l":true,"xl":false},"size":{"base":"x-small","xs":"small","s":"medium","m":"large","l":"x-large","xl":"inherit"},"weight":"semibold","hideLabel":{"base":true,"xs":false,"s":true,"m":false,"l":true,"xl":false},"alignLabel":{"base":"left","xs":"right","s":"left","m":"right","l":"left","xl":"right"},"hasSubline":false,"hasSlottedAnchor":false,"theme":"light"} 1`] = `
":host {
  position: relative;
  outline: 0 !important;
  display: block !important;
}
::slotted(p) {
  margin: 0;
}
::slotted(a) {
  color: #000;
}
::slotted(a:hover) {
  color: #d5001c;
}
@media(min-width:480px) {
  :host {
    display: inline-block !important;
    vertical-align: top;
  }
}

@media(min-width:760px) {
  :host {
    display: block !important;
  }
}

@media(min-width:1000px) {
  :host {
    display: inline-block !important;
    vertical-align: top;
  }
}

@media(min-width:1300px) {
  :host {
    display: block !important;
  }
}

@media(min-width:1760px) {
  :host {
    display: inline-block !important;
    vertical-align: top;
  }
}

.root {
  display: flex;
  align-items: flex-start;
  width: 100%;
  margin: 0;
  padding: 0;
  box-sizing: border-box;
  outline: 0;
  appearance: none;
  cursor: pointer;
  text-decoration: none;
  text-align: left;
  border: none;
  background: transparent;
  color: #000;
  transition: color var(--p-transition-duration, .24s) ease, font-size 1ms linear;
  font: normal normal 400 1rem/1.5 'Porsche Next','Arial Narrow',Arial,'Heiti SC',SimHei,sans-serif;
  text-size-adjust: none;
  -webkit-text-size-adjust: none;
  overflow-wrap: break-word;
  hyphens: auto;
  font-weight: 600;
  justify-content: space-between;
  font-size: 0.75rem;
  line-height: 1.6666666667;
}
.root::-moz-focus-inner {
  border: 0;
}
.root::before {
  content: "";
  position: absolute;
  top: 0;
  left: 0;
  right: 0;
  bottom: 0;
  outline: 1px solid transparent;
  outline-offset: 1px;
}
.root:focus::before {
  outline-color: currentColor;
}
.root:focus:not(:focus-visible)::before {
  outline-color: transparent;
}
.root:active {
  color: #d5001c;
}
.root .icon {
  width: 1.6666666667em;
  height: 1.6666666667em;
}
.root ~ .subline {
  font-size: 0.75rem;
  line-height: 1.6666666667;
}
.root ~ .subline::before {
  font-size: 0.75rem;
  margin-left: 1.6666666667em;
}
.icon {
  flex-shrink: 0;
  width: 1.5em;
  height: 1.5em;
}
.label {
  position: absolute;
  height: 1px;
  width: 1px;
  border: 0;
  margin: -1px;
  overflow: hidden;
  clip: rect(1px,1px,1px,1px);
  clip-path: inset(50%);
  white-space: nowrap;
  padding: 0 0.25rem 0 0;
  order: -1;
}
@media(min-width:480px) {
  .root {
    justify-content: flex-start;
    font-size: 1rem;
    line-height: 1.5;
  }
  .root .icon {
    width: 1.5em;
    height: 1.5em;
  }
  .root ~ .subline {
    font-size: 1rem;
    line-height: 1.5;
  }
  .root ~ .subline::before {
    font-size: 1rem;
    margin-left: 1.5em;
  }
  .label {
    position: static;
    width: auto;
    height: auto;
    border: medium none color;
    margin: 0;
    white-space: inherit;
    overflow: visible;
    clip: auto;
    clip-path: none;
    padding: 0 0 0 0.25rem;
    order: 0;
  }
}

@media(min-width:760px) {
  .root {
    justify-content: space-between;
    font-size: 1.5rem;
    line-height: 1.5;
  }
  .root .icon {
    width: 1.5em;
    height: 1.5em;
  }
  .root ~ .subline {
    font-size: 1.25rem;
    line-height: 1.4;
  }
  .root ~ .subline::before {
    font-size: 1.5rem;
    margin-left: 1.5em;
  }
  .label {
    position: absolute;
    height: 1px;
    width: 1px;
    border: 0;
    margin: -1px;
    overflow: hidden;
    clip: rect(1px,1px,1px,1px);
    clip-path: inset(50%);
    white-space: nowrap;
    padding: 0 0.25rem 0 0;
    order: -1;
  }
}

@media(min-width:1000px) {
  .root {
    justify-content: flex-start;
    font-size: 2.25rem;
    line-height: 1.3333333333;
  }
  .root .icon {
    width: 1.3333333333em;
    height: 1.3333333333em;
  }
  .root ~ .subline {
    font-size: 1.875rem;
    line-height: 1.3333333333;
  }
  .root ~ .subline::before {
    font-size: 2.25rem;
    margin-left: 1.3333333333em;
  }
  .label {
    position: static;
    width: auto;
    height: auto;
    border: medium none color;
    margin: 0;
    white-space: inherit;
    overflow: visible;
    clip: auto;
    clip-path: none;
    padding: 0 0 0 0.25rem;
    order: 0;
  }
}

@media(min-width:1300px) {
  .root {
    justify-content: space-between;
    font-size: 3.25rem;
    line-height: 1.2307692308;
  }
  .root .icon {
    width: 1.2307692308em;
    height: 1.2307692308em;
  }
  .root ~ .subline {
    font-size: 2.25rem;
    line-height: 1.3333333333;
  }
  .root ~ .subline::before {
    font-size: 3.25rem;
    margin-left: 1.2307692308em;
  }
  .label {
    position: absolute;
    height: 1px;
    width: 1px;
    border: 0;
    margin: -1px;
    overflow: hidden;
    clip: rect(1px,1px,1px,1px);
    clip-path: inset(50%);
    white-space: nowrap;
    padding: 0 0.25rem 0 0;
    order: -1;
  }
}

@media(min-width:1760px) {
  .root {
    justify-content: flex-start;
    font-size: inherit;
    line-height: inherit;
  }
  .root .icon {
    width: 1.5em;
    height: 1.5em;
  }
  .label {
    position: static;
    width: auto;
    height: auto;
    border: medium none color;
    margin: 0;
    white-space: inherit;
    overflow: visible;
    clip: auto;
    clip-path: none;
    padding: 0 0 0 0.25rem;
    order: 0;
  }
}

@media(hover:hover) {
  .root:hover {
    color: #d5001c;
  }
}
"
`;

exports[`getComponentCss() should return correct css for {"icon":"arrow-head-right","active":false,"stretch":false,"size":"small","weight":"regular","hideLabel":false,"alignLabel":"right","hasSubline":false,"hasSlottedAnchor":false,"theme":"dark"} 1`] = `
":host {
  position: relative;
  outline: 0 !important;
  display: inline-block !important;
  vertical-align: top;
}
::slotted(p) {
  margin: 0;
}
::slotted(a) {
  color: #fff;
}
::slotted(a:hover) {
  color: #ff0223;
}
.root {
  display: flex;
  align-items: flex-start;
  width: 100%;
  margin: 0;
  padding: 0;
  box-sizing: border-box;
  outline: 0;
  appearance: none;
  cursor: pointer;
  text-decoration: none;
  text-align: left;
  border: none;
  background: transparent;
  color: #fff;
  transition: color var(--p-transition-duration, .24s) ease, font-size 1ms linear;
  font: normal normal 400 1rem/1.5 'Porsche Next','Arial Narrow',Arial,'Heiti SC',SimHei,sans-serif;
  text-size-adjust: none;
  -webkit-text-size-adjust: none;
  overflow-wrap: break-word;
  hyphens: auto;
  font-weight: 400;
  justify-content: flex-start;
  font-size: 1rem;
  line-height: 1.5;
}
.root::-moz-focus-inner {
  border: 0;
}
.root::before {
  content: "";
  position: absolute;
  top: 0;
  left: 0;
  right: 0;
  bottom: 0;
  outline: 1px solid transparent;
  outline-offset: 1px;
}
.root:focus::before {
  outline-color: currentColor;
}
.root:focus:not(:focus-visible)::before {
  outline-color: transparent;
}
.root:active {
  color: #ff0223;
}
.root .icon {
  width: 1.5em;
  height: 1.5em;
}
.root ~ .subline {
  font-size: 1rem;
  line-height: 1.5;
}
.root ~ .subline::before {
  font-size: 1rem;
  margin-left: 1.5em;
}
.icon {
  flex-shrink: 0;
  width: 1.5em;
  height: 1.5em;
}
.label {
  position: static;
  width: auto;
  height: auto;
  border: medium none color;
  margin: 0;
  white-space: inherit;
  overflow: visible;
  clip: auto;
  clip-path: none;
  padding: 0 0 0 0.25rem;
  order: 0;
}
@media(hover:hover) {
  .root:hover {
    color: #ff0223;
  }
}
"
`;

exports[`getComponentCss() should return correct css for {"icon":"arrow-head-right","active":false,"stretch":false,"size":"small","weight":"regular","hideLabel":true,"alignLabel":"right","hasSubline":false,"hasSlottedAnchor":true,"theme":"light"} 1`] = `
":host {
  position: relative;
  outline: 0 !important;
  display: inline-block !important;
  vertical-align: top;
}
::slotted(p) {
  margin: 0;
}
::slotted(a) {
  color: #000;
}
::slotted(a:hover) {
  color: #d5001c;
}
.root {
  display: flex;
  align-items: flex-start;
  width: 100%;
  margin: 0;
  padding: 0;
  box-sizing: border-box;
  outline: transparent none;
  appearance: none;
  cursor: pointer;
  text-decoration: none;
  text-align: left;
  border: none;
  background: transparent;
  color: #000;
  transition: color var(--p-transition-duration, .24s) ease, font-size 1ms linear;
  font: normal normal 400 1rem/1.5 'Porsche Next','Arial Narrow',Arial,'Heiti SC',SimHei,sans-serif;
  text-size-adjust: none;
  -webkit-text-size-adjust: none;
  overflow-wrap: break-word;
  hyphens: auto;
  font-weight: 400;
  justify-content: flex-start;
  font-size: 1rem;
  line-height: 1.5;
}
.root:active {
  color: #d5001c;
}
.root .icon {
  width: 1.5em;
  height: 1.5em;
}
.root ~ .subline {
  font-size: 1rem;
  line-height: 1.5;
}
.root ~ .subline::before {
  font-size: 1rem;
  margin-left: 1.5em;
}
.icon {
  flex-shrink: 0;
  width: 1.5em;
  height: 1.5em;
}
.label {
  position: absolute;
  top: 0;
  left: 0;
  right: 0;
  bottom: 0;
  white-space: nowrap;
  text-indent: -999999px;
  padding: 0 0 0 0.25rem;
  order: 0;
}
@media(hover:hover) {
  .root:hover {
    color: #d5001c;
  }
}
"
`;

exports[`getComponentCss() should return correct css for {"icon":"arrow-head-right","active":false,"stretch":false,"size":"small","weight":"regular","hideLabel":true,"alignLabel":"right","hasSubline":true,"hasSlottedAnchor":false,"theme":"light"} 1`] = `
":host {
  position: relative;
  outline: 0 !important;
  display: inline-block !important;
  vertical-align: top;
}
::slotted(p) {
  margin: 0;
}
::slotted(a) {
  color: #000;
}
::slotted(a:hover) {
  color: #d5001c;
}
.root {
  display: flex;
  align-items: flex-start;
  width: 100%;
  margin: 0;
  padding: 0;
  box-sizing: border-box;
  outline: 0;
  appearance: none;
  cursor: pointer;
  text-decoration: none;
  text-align: left;
  border: none;
  background: transparent;
  color: #000;
  transition: color var(--p-transition-duration, .24s) ease, font-size 1ms linear;
  font: normal normal 400 1rem/1.5 'Porsche Next','Arial Narrow',Arial,'Heiti SC',SimHei,sans-serif;
  text-size-adjust: none;
  -webkit-text-size-adjust: none;
  overflow-wrap: break-word;
  hyphens: auto;
  font-weight: 400;
  font-size: 1rem;
  line-height: 1.5;
}
.root::-moz-focus-inner {
  border: 0;
}
.root::before {
  content: "";
  position: absolute;
  top: 0;
  left: 0;
  right: 0;
  bottom: 0;
  outline: 1px solid transparent;
  outline-offset: 1px;
}
.root:focus::before {
  outline-color: currentColor;
}
.root:focus:not(:focus-visible)::before {
  outline-color: transparent;
}
.root:active {
  color: #d5001c;
}
.root .icon {
  width: 1.5em;
  height: 1.5em;
}
.root ~ .subline {
  font-size: 1rem;
  line-height: 1.5;
}
.root ~ .subline::before {
  font-size: 1rem;
  margin-left: 1.5em;
}
.root:active + .subline {
  color: #d5001c;
}
.icon {
  flex-shrink: 0;
  width: 1.5em;
  height: 1.5em;
}
.label {
  position: absolute;
  height: 1px;
  width: 1px;
  border: 0;
  margin: -1px;
  overflow: hidden;
  clip: rect(1px,1px,1px,1px);
  clip-path: inset(50%);
  white-space: nowrap;
  padding-left: 0.25rem;
}
.subline {
  display: flex;
  margin-top: 4px !important;
  font: normal normal 400 1rem/1.5 'Porsche Next','Arial Narrow',Arial,'Heiti SC',SimHei,sans-serif;
  text-size-adjust: none;
  -webkit-text-size-adjust: none;
  overflow-wrap: break-word;
  hyphens: auto;
  color: #000;
  transition: color var(--p-transition-duration, .24s) ease;
  position: absolute;
  height: 1px;
  width: 1px;
  border: 0;
  margin: -1px;
  overflow: hidden;
  clip: rect(1px,1px,1px,1px);
  clip-path: inset(50%);
  white-space: nowrap;
  padding-left: 0.25rem;
}
.subline::before {
  content: "";
}
@media(hover:hover) {
  .root:hover {
    color: #d5001c;
  }
  .root:hover + .subline {
    color: #d5001c;
  }
}
"
`;

exports[`getComponentCss() should return correct css for {"icon":"arrow-head-right","active":false,"stretch":false,"size":"small","weight":"semibold","hideLabel":{"base":true,"xs":false,"s":true,"m":false,"l":true,"xl":false},"alignLabel":"right","hasSubline":false,"hasSlottedAnchor":false,"theme":"light"} 1`] = `
":host {
  position: relative;
  outline: 0 !important;
  display: inline-block !important;
  vertical-align: top;
}
::slotted(p) {
  margin: 0;
}
::slotted(a) {
  color: #000;
}
::slotted(a:hover) {
  color: #d5001c;
}
.root {
  display: flex;
  align-items: flex-start;
  width: 100%;
  margin: 0;
  padding: 0;
  box-sizing: border-box;
  outline: 0;
  appearance: none;
  cursor: pointer;
  text-decoration: none;
  text-align: left;
  border: none;
  background: transparent;
  color: #000;
  transition: color var(--p-transition-duration, .24s) ease, font-size 1ms linear;
  font: normal normal 400 1rem/1.5 'Porsche Next','Arial Narrow',Arial,'Heiti SC',SimHei,sans-serif;
  text-size-adjust: none;
  -webkit-text-size-adjust: none;
  overflow-wrap: break-word;
  hyphens: auto;
  font-weight: 600;
  justify-content: flex-start;
  font-size: 1rem;
  line-height: 1.5;
}
.root::-moz-focus-inner {
  border: 0;
}
.root::before {
  content: "";
  position: absolute;
  top: 0;
  left: 0;
  right: 0;
  bottom: 0;
  outline: 1px solid transparent;
  outline-offset: 1px;
}
.root:focus::before {
  outline-color: currentColor;
}
.root:focus:not(:focus-visible)::before {
  outline-color: transparent;
}
.root:active {
  color: #d5001c;
}
.root .icon {
  width: 1.5em;
  height: 1.5em;
}
.root ~ .subline {
  font-size: 1rem;
  line-height: 1.5;
}
.root ~ .subline::before {
  font-size: 1rem;
  margin-left: 1.5em;
}
.icon {
  flex-shrink: 0;
  width: 1.5em;
  height: 1.5em;
}
.label {
  position: absolute;
  height: 1px;
  width: 1px;
  border: 0;
  margin: -1px;
  overflow: hidden;
  clip: rect(1px,1px,1px,1px);
  clip-path: inset(50%);
  white-space: nowrap;
  padding: 0 0 0 0.25rem;
  order: 0;
}
@media(min-width:480px) {
  .label {
    position: static;
    width: auto;
    height: auto;
    border: medium none color;
    margin: 0;
    white-space: inherit;
    overflow: visible;
    clip: auto;
    clip-path: none;
  }
}

@media(min-width:760px) {
  .label {
    position: absolute;
    height: 1px;
    width: 1px;
    border: 0;
    margin: -1px;
    overflow: hidden;
    clip: rect(1px,1px,1px,1px);
    clip-path: inset(50%);
    white-space: nowrap;
  }
}

@media(min-width:1000px) {
  .label {
    position: static;
    width: auto;
    height: auto;
    border: medium none color;
    margin: 0;
    white-space: inherit;
    overflow: visible;
    clip: auto;
    clip-path: none;
  }
}

@media(min-width:1300px) {
  .label {
    position: absolute;
    height: 1px;
    width: 1px;
    border: 0;
    margin: -1px;
    overflow: hidden;
    clip: rect(1px,1px,1px,1px);
    clip-path: inset(50%);
    white-space: nowrap;
  }
}

@media(min-width:1760px) {
  .label {
    position: static;
    width: auto;
    height: auto;
    border: medium none color;
    margin: 0;
    white-space: inherit;
    overflow: visible;
    clip: auto;
    clip-path: none;
  }
}

@media(hover:hover) {
  .root:hover {
    color: #d5001c;
  }
}
"
`;

exports[`getComponentCss() should return correct css for {"icon":"arrow-head-right","active":false,"stretch":false,"size":"small","weight":"thin","hideLabel":false,"alignLabel":"right","hasSubline":false,"hasSlottedAnchor":false,"theme":"light"} 1`] = `
":host {
  position: relative;
  outline: 0 !important;
  display: inline-block !important;
  vertical-align: top;
}
::slotted(p) {
  margin: 0;
}
::slotted(a) {
  color: #000;
}
::slotted(a:hover) {
  color: #d5001c;
}
.root {
  display: flex;
  align-items: flex-start;
  width: 100%;
  margin: 0;
  padding: 0;
  box-sizing: border-box;
  outline: 0;
  appearance: none;
  cursor: pointer;
  text-decoration: none;
  text-align: left;
  border: none;
  background: transparent;
  color: #000;
  transition: color var(--p-transition-duration, .24s) ease, font-size 1ms linear;
  font: normal normal 400 1rem/1.5 'Porsche Next','Arial Narrow',Arial,'Heiti SC',SimHei,sans-serif;
  text-size-adjust: none;
  -webkit-text-size-adjust: none;
  overflow-wrap: break-word;
  hyphens: auto;
  font-weight: 100;
  justify-content: flex-start;
  font-size: 1rem;
  line-height: 1.5;
}
.root::-moz-focus-inner {
  border: 0;
}
.root::before {
  content: "";
  position: absolute;
  top: 0;
  left: 0;
  right: 0;
  bottom: 0;
  outline: 1px solid transparent;
  outline-offset: 1px;
}
.root:focus::before {
  outline-color: currentColor;
}
.root:focus:not(:focus-visible)::before {
  outline-color: transparent;
}
.root:active {
  color: #d5001c;
}
.root .icon {
  width: 1.5em;
  height: 1.5em;
}
.root ~ .subline {
  font-size: 1rem;
  line-height: 1.5;
}
.root ~ .subline::before {
  font-size: 1rem;
  margin-left: 1.5em;
}
.icon {
  flex-shrink: 0;
  width: 1.5em;
  height: 1.5em;
}
.label {
  position: static;
  width: auto;
  height: auto;
  border: medium none color;
  margin: 0;
  white-space: inherit;
  overflow: visible;
  clip: auto;
  clip-path: none;
  padding: 0 0 0 0.25rem;
  order: 0;
}
@media(hover:hover) {
  .root:hover {
    color: #d5001c;
  }
}
"
`;

exports[`getComponentCss() should return correct css for {"icon":"arrow-head-right","active":false,"stretch":false,"size":"small","weight":"thin","hideLabel":false,"alignLabel":"right","hasSubline":false,"hasSlottedAnchor":true,"theme":"light"} 1`] = `
":host {
  position: relative;
  outline: 0 !important;
  display: inline-block !important;
  vertical-align: top;
}
::slotted(p) {
  margin: 0;
}
::slotted(a) {
  color: #000;
}
::slotted(a:hover) {
  color: #d5001c;
}
.root {
  display: flex;
  align-items: flex-start;
  width: 100%;
  margin: 0;
  padding: 0;
  box-sizing: border-box;
  outline: transparent none;
  appearance: none;
  cursor: pointer;
  text-decoration: none;
  text-align: left;
  border: none;
  background: transparent;
  color: #000;
  transition: color var(--p-transition-duration, .24s) ease, font-size 1ms linear;
  font: normal normal 400 1rem/1.5 'Porsche Next','Arial Narrow',Arial,'Heiti SC',SimHei,sans-serif;
  text-size-adjust: none;
  -webkit-text-size-adjust: none;
  overflow-wrap: break-word;
  hyphens: auto;
  font-weight: 100;
  justify-content: flex-start;
  font-size: 1rem;
  line-height: 1.5;
}
.root:active {
  color: #d5001c;
}
.root .icon {
  width: 1.5em;
  height: 1.5em;
}
.root ~ .subline {
  font-size: 1rem;
  line-height: 1.5;
}
.root ~ .subline::before {
  font-size: 1rem;
  margin-left: 1.5em;
}
.icon {
  flex-shrink: 0;
  width: 1.5em;
  height: 1.5em;
}
.label {
  position: static;
  top: auto;
  left: auto;
  right: auto;
  bottom: auto;
  white-space: inherit;
  text-indent: 0;
  padding: 0 0 0 0.25rem;
  order: 0;
}
@media(hover:hover) {
  .root:hover {
    color: #d5001c;
  }
}
"
`;

exports[`getComponentCss() should return correct css for {"icon":"arrow-head-right","active":false,"stretch":false,"size":"small","weight":"thin","hideLabel":true,"alignLabel":"right","hasSubline":false,"hasSlottedAnchor":false,"theme":"light"} 1`] = `
":host {
  position: relative;
  outline: 0 !important;
  display: inline-block !important;
  vertical-align: top;
}
::slotted(p) {
  margin: 0;
}
::slotted(a) {
  color: #000;
}
::slotted(a:hover) {
  color: #d5001c;
}
.root {
  display: flex;
  align-items: flex-start;
  width: 100%;
  margin: 0;
  padding: 0;
  box-sizing: border-box;
  outline: 0;
  appearance: none;
  cursor: pointer;
  text-decoration: none;
  text-align: left;
  border: none;
  background: transparent;
  color: #000;
  transition: color var(--p-transition-duration, .24s) ease, font-size 1ms linear;
  font: normal normal 400 1rem/1.5 'Porsche Next','Arial Narrow',Arial,'Heiti SC',SimHei,sans-serif;
  text-size-adjust: none;
  -webkit-text-size-adjust: none;
  overflow-wrap: break-word;
  hyphens: auto;
  font-weight: 100;
  justify-content: flex-start;
  font-size: 1rem;
  line-height: 1.5;
}
.root::-moz-focus-inner {
  border: 0;
}
.root::before {
  content: "";
  position: absolute;
  top: 0;
  left: 0;
  right: 0;
  bottom: 0;
  outline: 1px solid transparent;
  outline-offset: 1px;
}
.root:focus::before {
  outline-color: currentColor;
}
.root:focus:not(:focus-visible)::before {
  outline-color: transparent;
}
.root:active {
  color: #d5001c;
}
.root .icon {
  width: 1.5em;
  height: 1.5em;
}
.root ~ .subline {
  font-size: 1rem;
  line-height: 1.5;
}
.root ~ .subline::before {
  font-size: 1rem;
  margin-left: 1.5em;
}
.icon {
  flex-shrink: 0;
  width: 1.5em;
  height: 1.5em;
}
.label {
  position: absolute;
  height: 1px;
  width: 1px;
  border: 0;
  margin: -1px;
  overflow: hidden;
  clip: rect(1px,1px,1px,1px);
  clip-path: inset(50%);
  white-space: nowrap;
  padding: 0 0 0 0.25rem;
  order: 0;
}
@media(hover:hover) {
  .root:hover {
    color: #d5001c;
  }
}
"
`;

exports[`getComponentCss() should return correct css for {"icon":"arrow-head-right","active":true,"stretch":true,"size":"x-large","weight":"bold","hideLabel":false,"alignLabel":"left","hasSubline":false,"hasSlottedAnchor":false,"theme":"dark"} 1`] = `
":host {
  position: relative;
  outline: 0 !important;
  display: block !important;
}
::slotted(p) {
  margin: 0;
}
::slotted(a) {
  color: #ff0223;
}
::slotted(a:hover) {
  color: #ff0223;
}
.root {
  display: flex;
  align-items: flex-start;
  width: 100%;
  margin: 0;
  padding: 0;
  box-sizing: border-box;
  outline: 0;
  appearance: none;
  cursor: pointer;
  text-decoration: none;
  text-align: left;
  border: none;
  background: transparent;
  color: #ff0223;
  transition: color var(--p-transition-duration, .24s) ease, font-size 1ms linear;
  font: normal normal 400 1rem/1.5 'Porsche Next','Arial Narrow',Arial,'Heiti SC',SimHei,sans-serif;
  text-size-adjust: none;
  -webkit-text-size-adjust: none;
  overflow-wrap: break-word;
  hyphens: auto;
  font-weight: 700;
  justify-content: space-between;
  font-size: 3.25rem;
  line-height: 1.2307692308;
}
.root::-moz-focus-inner {
  border: 0;
}
.root::before {
  content: "";
  position: absolute;
  top: 0;
  left: 0;
  right: 0;
  bottom: 0;
  outline: 1px solid transparent;
  outline-offset: 1px;
}
.root:focus::before {
  outline-color: currentColor;
}
.root:focus:not(:focus-visible)::before {
  outline-color: transparent;
}
.root:active {
  color: #ff0223;
}
.root .icon {
  width: 1.2307692308em;
  height: 1.2307692308em;
}
.root ~ .subline {
  font-size: 2.25rem;
  line-height: 1.3333333333;
}
.root ~ .subline::before {
  font-size: 3.25rem;
  margin-left: 1.2307692308em;
}
.icon {
  flex-shrink: 0;
  width: 1.5em;
  height: 1.5em;
}
.label {
  position: static;
  width: auto;
  height: auto;
  border: medium none color;
  margin: 0;
  white-space: inherit;
  overflow: visible;
  clip: auto;
  clip-path: none;
  padding: 0 0.25rem 0 0;
  order: -1;
}
@media(hover:hover) {
  .root:hover {
    color: #ff0223;
  }
}
"
`;

exports[`getComponentCss() should return correct css for {"icon":"arrow-head-right","active":true,"stretch":true,"size":"x-large","weight":"semibold","hideLabel":false,"alignLabel":"left","hasSubline":false,"hasSlottedAnchor":false,"theme":"light"} 1`] = `
":host {
  position: relative;
  outline: 0 !important;
  display: block !important;
}
::slotted(p) {
  margin: 0;
}
::slotted(a) {
  color: #d5001c;
}
::slotted(a:hover) {
  color: #d5001c;
}
.root {
  display: flex;
  align-items: flex-start;
  width: 100%;
  margin: 0;
  padding: 0;
  box-sizing: border-box;
  outline: 0;
  appearance: none;
  cursor: pointer;
  text-decoration: none;
  text-align: left;
  border: none;
  background: transparent;
  color: #d5001c;
  transition: color var(--p-transition-duration, .24s) ease, font-size 1ms linear;
  font: normal normal 400 1rem/1.5 'Porsche Next','Arial Narrow',Arial,'Heiti SC',SimHei,sans-serif;
  text-size-adjust: none;
  -webkit-text-size-adjust: none;
  overflow-wrap: break-word;
  hyphens: auto;
  font-weight: 600;
  justify-content: space-between;
  font-size: 3.25rem;
  line-height: 1.2307692308;
}
.root::-moz-focus-inner {
  border: 0;
}
.root::before {
  content: "";
  position: absolute;
  top: 0;
  left: 0;
  right: 0;
  bottom: 0;
  outline: 1px solid transparent;
  outline-offset: 1px;
}
.root:focus::before {
  outline-color: currentColor;
}
.root:focus:not(:focus-visible)::before {
  outline-color: transparent;
}
.root:active {
  color: #d5001c;
}
.root .icon {
  width: 1.2307692308em;
  height: 1.2307692308em;
}
.root ~ .subline {
  font-size: 2.25rem;
  line-height: 1.3333333333;
}
.root ~ .subline::before {
  font-size: 3.25rem;
  margin-left: 1.2307692308em;
}
.icon {
  flex-shrink: 0;
  width: 1.5em;
  height: 1.5em;
}
.label {
  position: static;
  width: auto;
  height: auto;
  border: medium none color;
  margin: 0;
  white-space: inherit;
  overflow: visible;
  clip: auto;
  clip-path: none;
  padding: 0 0.25rem 0 0;
  order: -1;
}
@media(hover:hover) {
  .root:hover {
    color: #d5001c;
  }
}
"
`;

exports[`getComponentCss() should return correct css for {"icon":"none","active":false,"stretch":false,"size":"inherit","weight":"regular","hideLabel":false,"alignLabel":"right","hasSubline":false,"hasSlottedAnchor":false,"theme":"light"} 1`] = `
":host {
  position: relative;
  outline: 0 !important;
  display: inline-block !important;
  vertical-align: top;
}
::slotted(p) {
  margin: 0;
}
::slotted(a) {
  color: #000;
}
::slotted(a:hover) {
  color: #d5001c;
}
.root {
  display: flex;
  align-items: flex-start;
  width: 100%;
  margin: 0;
  padding: 0;
  box-sizing: border-box;
  outline: 0;
  appearance: none;
  cursor: pointer;
  text-decoration: none;
  text-align: left;
  border: none;
  background: transparent;
  color: #000;
  transition: color var(--p-transition-duration, .24s) ease, font-size 1ms linear;
  font: normal normal 400 1rem/1.5 'Porsche Next','Arial Narrow',Arial,'Heiti SC',SimHei,sans-serif;
  text-size-adjust: none;
  -webkit-text-size-adjust: none;
  overflow-wrap: break-word;
  hyphens: auto;
  font-weight: 400;
  justify-content: flex-start;
  font-size: inherit;
  line-height: inherit;
}
.root::-moz-focus-inner {
  border: 0;
}
.root::before {
  content: "";
  position: absolute;
  top: 0;
  left: 0;
  right: 0;
  bottom: 0;
  outline: 1px solid transparent;
  outline-offset: 1px;
}
.root:focus::before {
  outline-color: currentColor;
}
.root:focus:not(:focus-visible)::before {
  outline-color: transparent;
}
.root:active {
  color: #d5001c;
}
.root .icon {
  width: 1.5em;
  height: 1.5em;
}
@media(hover:hover) {
  .root:hover {
    color: #d5001c;
  }
}
"
`;

exports[`getComponentCss() should return correct css for {"icon":"none","active":false,"stretch":false,"size":"small","weight":"bold","hideLabel":false,"alignLabel":"right","hasSubline":false,"hasSlottedAnchor":false,"theme":"light"} 1`] = `
":host {
  position: relative;
  outline: 0 !important;
  display: inline-block !important;
  vertical-align: top;
}
::slotted(p) {
  margin: 0;
}
::slotted(a) {
  color: #000;
}
::slotted(a:hover) {
  color: #d5001c;
}
.root {
  display: flex;
  align-items: flex-start;
  width: 100%;
  margin: 0;
  padding: 0;
  box-sizing: border-box;
  outline: 0;
  appearance: none;
  cursor: pointer;
  text-decoration: none;
  text-align: left;
  border: none;
  background: transparent;
  color: #000;
  transition: color var(--p-transition-duration, .24s) ease, font-size 1ms linear;
  font: normal normal 400 1rem/1.5 'Porsche Next','Arial Narrow',Arial,'Heiti SC',SimHei,sans-serif;
  text-size-adjust: none;
  -webkit-text-size-adjust: none;
  overflow-wrap: break-word;
  hyphens: auto;
  font-weight: 700;
  justify-content: flex-start;
  font-size: 1rem;
  line-height: 1.5;
}
.root::-moz-focus-inner {
  border: 0;
}
.root::before {
  content: "";
  position: absolute;
  top: 0;
  left: 0;
  right: 0;
  bottom: 0;
  outline: 1px solid transparent;
  outline-offset: 1px;
}
.root:focus::before {
  outline-color: currentColor;
}
.root:focus:not(:focus-visible)::before {
  outline-color: transparent;
}
.root:active {
  color: #d5001c;
}
.root .icon {
  width: 1.5em;
  height: 1.5em;
}
.root ~ .subline {
  font-size: 1rem;
  line-height: 1.5;
}
.root ~ .subline::before {
  font-size: 1rem;
  margin-left: 1.5em;
}
@media(hover:hover) {
  .root:hover {
    color: #d5001c;
  }
}
"
`;

exports[`getSlottedCss() should return correct css 1`] = `
"p-link-pure a {
  display: block !important;
  position: static !important;
  text-decoration: none !important;
  font: inherit !important;
  transition: color var(--p-transition-duration, .24s) ease !important;
  outline: 0 !important;
}
p-link-pure a::-moz-focus-inner {
  border: 0 !important;
}
p-link-pure a::before {
  content: "" !important;
  position: absolute !important;
  top: 0 !important;
  left: 0 !important;
  right: 0 !important;
  bottom: 0 !important;
  outline: 1px solid transparent !important;
  outline-offset: 1px !important;
}
p-link-pure a:focus::before {
  outline-color: currentColor !important;
}
p-link-pure a:focus:not(:focus-visible)::before {
  outline-color: transparent !important;
}"
`;

exports[`getSlottedCss() should return correct css with prefix 1`] = `
"prefixed-p-link-pure a {
  display: block !important;
  position: static !important;
  text-decoration: none !important;
  font: inherit !important;
  transition: color var(--p-transition-duration, .24s) ease !important;
  outline: 0 !important;
}
prefixed-p-link-pure a::-moz-focus-inner {
  border: 0 !important;
}
prefixed-p-link-pure a::before {
  content: "" !important;
  position: absolute !important;
  top: 0 !important;
  left: 0 !important;
  right: 0 !important;
  bottom: 0 !important;
  outline: 1px solid transparent !important;
  outline-offset: 1px !important;
}
prefixed-p-link-pure a:focus::before {
  outline-color: currentColor !important;
}
prefixed-p-link-pure a:focus:not(:focus-visible)::before {
  outline-color: transparent !important;
}"
`;
